A51 MACRO ASSEMBLER  T2                                                                   02/24/2024 21:59:32 PAGE     1


MACRO ASSEMBLER A51 V8.2.7.0
OBJECT MODULE PLACED IN .\Objects\t2.obj
ASSEMBLER INVOKED BY: C:\Keil_v5\C51\BIN\A51.EXE t2.a51 SET(SMALL) DEBUG PRINT(.\Listings\t2.lst) OBJECT(.\Objects\t2.ob
                      j) EP

LOC  OBJ            LINE     SOURCE

0000                   1     ORG 00H
0000                   2             HERE:
0000 758000            3             MOV P0,#0H
0003 758001            4             MOV P0,#01H
0006 1112              5             ACALL DELAY
0008 758002            6             MOV P0,#02H
000B 1112              7             ACALL DELAY
000D 758003            8             MOV P0, #03H
0010 80EE              9             SJMP HERE
                      10             
0012                  11             DELAY:
0012 780A             12                     MOV R0,#10
0014                  13                     LOOP:
0014 D8FE             14                             DJNZ R0,LOOP
0016 D9FA             15                             DJNZ R1,DELAY
0018 7905             16                             MOV R1,#5
001A 22               17                             RET
                      18     END
A51 MACRO ASSEMBLER  T2                                                                   02/24/2024 21:59:32 PAGE     2

SYMBOL TABLE LISTING
------ ----- -------


N A M E             T Y P E  V A L U E   ATTRIBUTES

DELAY. . . . . . .  C ADDR   0012H   A   
HERE . . . . . . .  C ADDR   0000H   A   
LOOP . . . . . . .  C ADDR   0014H   A   
P0 . . . . . . . .  D ADDR   0080H   A   


REGISTER BANK(S) USED: 0 


ASSEMBLY COMPLETE.  0 WARNING(S), 0 ERROR(S)
