--------------------------------------------------------------------------------
Release 14.7 Trace  (nt64)
Copyright (c) 1995-2013 Xilinx, Inc.  All rights reserved.

E:\Softwares\Xilinx_ISE_Design_Suite_v14.7\soft\14.7\ISE_DS\ISE\bin\nt64\unwrapped\trce.exe
-intstyle ise -v 3 -s 2 -n 3 -fastpaths -xml top.twx top.ncd -o top.twr top.pcf

Design file:              top.ncd
Physical constraint file: top.pcf
Device,package,speed:     xc6slx9,csg324,C,-2 (PRODUCTION 1.23 2013-10-13)
Report level:             verbose report

Environment Variable      Effect 
--------------------      ------ 
NONE                      No environment variables were set
--------------------------------------------------------------------------------

INFO:Timing:2698 - No timing constraints found, doing default enumeration.
INFO:Timing:3412 - To improve timing, see the Timing Closure User Guide (UG612).
INFO:Timing:2752 - To get complete path coverage, use the unconstrained paths 
   option. All paths that are not constrained will be reported in the 
   unconstrained paths section(s) of the report.
INFO:Timing:3339 - The clock-to-out numbers in this timing report are based on 
   a 50 Ohm transmission line loading model.  For the details of this model, 
   and for more information on accounting for different loading conditions, 
   please see the device datasheet.



Data Sheet report:
-----------------
All values displayed in nanoseconds (ns)

Pad to Pad
---------------+---------------+---------+
Source Pad     |Destination Pad|  Delay  |
---------------+---------------+---------+
x<0>           |cout           |   10.704|
x<0>           |sum<0>         |    8.884|
x<0>           |sum<1>         |    8.651|
x<0>           |sum<2>         |    9.961|
x<0>           |sum<3>         |   10.389|
x<0>           |sum<4>         |   11.139|
x<1>           |cout           |    9.541|
x<1>           |sum<1>         |    8.878|
x<1>           |sum<2>         |    8.798|
x<1>           |sum<3>         |    9.226|
x<1>           |sum<4>         |    9.976|
x<2>           |cout           |   11.097|
x<2>           |sum<2>         |   10.354|
x<2>           |sum<3>         |   10.782|
x<2>           |sum<4>         |   11.532|
x<3>           |cout           |   10.465|
x<3>           |sum<3>         |    9.856|
x<3>           |sum<4>         |   10.683|
y<0>           |cout           |   10.433|
y<0>           |sum<0>         |    8.613|
y<0>           |sum<1>         |    8.520|
y<0>           |sum<2>         |    9.690|
y<0>           |sum<3>         |   10.118|
y<0>           |sum<4>         |   10.868|
y<1>           |cout           |    9.799|
y<1>           |sum<1>         |    8.167|
y<1>           |sum<2>         |    9.056|
y<1>           |sum<3>         |    9.484|
y<1>           |sum<4>         |   10.234|
y<2>           |cout           |   10.360|
y<2>           |sum<2>         |    9.617|
y<2>           |sum<3>         |   10.045|
y<2>           |sum<4>         |   10.795|
y<3>           |cout           |    9.998|
y<3>           |sum<3>         |    9.389|
y<3>           |sum<4>         |   10.216|
z<0>           |cout           |    9.997|
z<0>           |sum<0>         |    8.177|
z<0>           |sum<1>         |    8.168|
z<0>           |sum<2>         |    9.254|
z<0>           |sum<3>         |    9.682|
z<0>           |sum<4>         |   10.432|
z<1>           |cout           |    9.126|
z<1>           |sum<1>         |    8.309|
z<1>           |sum<2>         |    8.383|
z<1>           |sum<3>         |    8.811|
z<1>           |sum<4>         |    9.561|
z<2>           |cout           |   10.507|
z<2>           |sum<2>         |    9.764|
z<2>           |sum<3>         |   10.192|
z<2>           |sum<4>         |   10.942|
z<3>           |cout           |   10.097|
z<3>           |sum<3>         |    9.488|
z<3>           |sum<4>         |   10.315|
---------------+---------------+---------+


Analysis completed Wed May 29 14:17:27 2024 
--------------------------------------------------------------------------------

Trace Settings:
-------------------------
Trace Settings 

Peak Memory Usage: 4571 MB



