A51 MACRO ASSEMBLER  ADDING_4_BITES                                                       04/02/2024 09:22:26 PAGE     1


MACRO ASSEMBLER A51 V8.2.7.0
OBJECT MODULE PLACED IN .\Objects\adding_4_bites.obj
ASSEMBLER INVOKED BY: C:\Keil_v5\C51\BIN\A51.EXE adding_4_bites.a51 SET(SMALL) DEBUG PRINT(.\Listings\adding_4_bites.lst
                      ) OBJECT(.\Objects\adding_4_bites.obj) EP

LOC  OBJ            LINE     SOURCE

0000                   1     ORG 00H
0000 7828              2             MOV R0, #40
0002 7D05              3             MOV R5, #5
0004 E4                4             CLR A
0005 FF                5             MOV R7, A
0006 26                6             AGAIN:  ADD A, @R0
0007 5001              7                             JNC NEXT
0009 0F                8                             INC R7
                       9             
000A 08               10             NEXT:   INC R0
000B DAF9             11                             DJNZ R2, AGAIN
                      12     END
A51 MACRO ASSEMBLER  ADDING_4_BITES                                                       04/02/2024 09:22:26 PAGE     2

SYMBOL TABLE LISTING
------ ----- -------


N A M E             T Y P E  V A L U E   ATTRIBUTES

AGAIN. . . . . . .  C ADDR   0006H   A   
NEXT . . . . . . .  C ADDR   000AH   A   


REGISTER BANK(S) USED: 0 


ASSEMBLY COMPLETE.  0 WARNING(S), 0 ERROR(S)
