A51 MACRO ASSEMBLER  COPYING_80_BITS                                                      04/02/2024 09:22:26 PAGE     1


MACRO ASSEMBLER A51 V8.2.7.0
OBJECT MODULE PLACED IN .\Objects\copying_80_bits.obj
ASSEMBLER INVOKED BY: C:\Keil_v5\C51\BIN\A51.EXE copying_80_bits.a51 SET(SMALL) DEBUG PRINT(.\Listings\copying_80_bits.l
                      st) OBJECT(.\Objects\copying_80_bits.obj) EP

LOC  OBJ            LINE     SOURCE

0000                   1     ORG 00H
0000 7830              2                             MOV R0, #30H    ;src
0002 7940              3                             MOV R1, #40H    ;dst
0004 7D0A              4                             MOV R5, #10
                       5                             
0006 E6                6             HERE:   MOV A, @R0
0007 F7                7                             MOV @R1, A
0008 09                8                             INC R1
0009 08                9                             INC R0
000A 110E             10                             ACALL DELAY
000C DDF8             11                             DJNZ R5, HERE
                      12                             
                      13                             
000E                  14             DELAY:  
000E 7CFF             15             START:  MOV R4, #255
0010 7BFF             16             AGAIN:  MOV R3, #255
0012 7AFF             17             ONCE:   MOV R2, #255
0014 DAFC             18                             DJNZ R2, ONCE
0016 DBF8             19                             DJNZ R3, AGAIN
0018 DCF4             20                             DJNZ R4, START
001A 22               21                             RET
                      22                             
                      23                             
*** WARNING #A41 IN 23 (copying_80_bits.a51, LINE 23): MISSING 'END' STATEMENT
A51 MACRO ASSEMBLER  COPYING_80_BITS                                                      04/02/2024 09:22:26 PAGE     2

SYMBOL TABLE LISTING
------ ----- -------


N A M E             T Y P E  V A L U E   ATTRIBUTES

AGAIN. . . . . . .  C ADDR   0010H   A   
DELAY. . . . . . .  C ADDR   000EH   A   
HERE . . . . . . .  C ADDR   0006H   A   
ONCE . . . . . . .  C ADDR   0012H   A   
START. . . . . . .  C ADDR   000EH   A   


REGISTER BANK(S) USED: 0 


ASSEMBLY COMPLETE.  1 WARNING(S), 0 ERROR(S)
